  Device : cuda:0  |  DataParallel GPUs: [0, 1]
  Batch  : 64 per GPU × 2 GPUs = 128 effective

  Total crops      : 3564
  Unique classes   : 557
  Train / Val      : 3030 / 534
Downloading: "https://download.pytorch.org/models/efficientnet_b0_rwightman-7f5810bc.pth" to /u/ipauser/a.suklan/.cache/torch/hub/checkpoints/efficientnet_b0_rwightman-7f5810bc.pth
Starting Stage 2 — EfficientNet-B0 Classifier

  Epoch   1/100  loss 3.5532  train 44.42%  val 62.36%  (7.1s)
  ✅  New best val acc: 62.36% — saved best.pt
  Epoch   2/100  loss 1.6245  train 71.68%  val 78.46%  (6.4s)
  ✅  New best val acc: 78.46% — saved best.pt
  Epoch   3/100  loss 0.9633  train 83.07%  val 83.90%  (6.5s)
  ✅  New best val acc: 83.90% — saved best.pt
  Epoch   4/100  loss 0.6108  train 89.14%  val 86.33%  (6.4s)
  ✅  New best val acc: 86.33% — saved best.pt
  Epoch   5/100  loss 0.3182  train 94.29%  val 89.51%  (6.3s)
  ✅  New best val acc: 89.51% — saved best.pt
  Epoch   6/100  loss 0.1373  train 97.33%  val 90.07%  (6.4s)
  ✅  New best val acc: 90.07% — saved best.pt
  Epoch   7/100  loss 0.0667  train 98.81%  val 90.64%  (6.3s)
  ✅  New best val acc: 90.64% — saved best.pt
  Epoch   8/100  loss 0.0514  train 98.88%  val 91.76%  (6.6s)
  ✅  New best val acc: 91.76% — saved best.pt
  Epoch   9/100  loss 0.0435  train 99.17%  val 91.01%  (6.4s)
  Epoch  10/100  loss 0.0482  train 99.11%  val 90.26%  (6.3s)
  Epoch  11/100  loss 0.0352  train 99.21%  val 90.26%  (6.3s)
  Epoch  12/100  loss 0.0455  train 99.01%  val 90.26%  (6.5s)
  Epoch  13/100  loss 0.0438  train 99.27%  val 90.64%  (6.6s)
  Epoch  14/100  loss 0.0505  train 98.84%  val 89.14%  (6.3s)
  Epoch  15/100  loss 0.0676  train 98.61%  val 89.89%  (6.6s)
  Epoch  16/100  loss 0.0605  train 98.55%  val 90.82%  (6.5s)
  Epoch  17/100  loss 0.0617  train 98.45%  val 90.07%  (6.4s)
  Epoch  18/100  loss 0.0225  train 99.57%  val 91.20%  (6.4s)
  Epoch  19/100  loss 0.0153  train 99.67%  val 90.82%  (6.5s)
  Epoch  20/100  loss 0.0213  train 99.54%  val 90.82%  (6.4s)
  Epoch  21/100  loss 0.0322  train 99.54%  val 91.39%  (6.4s)
  Epoch  22/100  loss 0.0195  train 99.64%  val 91.20%  (6.5s)
  Epoch  23/100  loss 0.0128  train 99.80%  val 90.26%  (6.6s)
  Epoch  24/100  loss 0.0221  train 99.74%  val 90.64%  (6.5s)
  Epoch  25/100  loss 0.0168  train 99.64%  val 90.82%  (6.5s)
  Epoch  26/100  loss 0.0209  train 99.60%  val 91.01%  (6.5s)
  Epoch  27/100  loss 0.0215  train 99.50%  val 91.76%  (6.7s)
  Epoch  28/100  loss 0.0173  train 99.67%  val 91.39%  (6.6s)
  Epoch  29/100  loss 0.0134  train 99.80%  val 91.39%  (6.4s)
  Epoch  30/100  loss 0.0156  train 99.83%  val 91.39%  (6.5s)
  Epoch  31/100  loss 0.0379  train 99.47%  val 92.32%  (6.4s)
  ✅  New best val acc: 92.32% — saved best.pt
  Epoch  32/100  loss 0.0178  train 99.67%  val 91.57%  (6.5s)
  Epoch  33/100  loss 0.0091  train 99.83%  val 91.95%  (6.5s)
  Epoch  34/100  loss 0.0155  train 99.70%  val 91.01%  (6.5s)
  Epoch  35/100  loss 0.0130  train 99.74%  val 91.57%  (6.3s)
  Epoch  36/100  loss 0.0065  train 99.90%  val 91.57%  (6.4s)
  Epoch  37/100  loss 0.0124  train 99.74%  val 91.95%  (6.4s)
  Epoch  38/100  loss 0.0071  train 99.83%  val 91.57%  (6.5s)
  Epoch  39/100  loss 0.0025  train 99.97%  val 91.76%  (6.4s)
  Epoch  40/100  loss 0.0059  train 99.97%  val 91.57%  (6.4s)
  Epoch  41/100  loss 0.0022  train 99.97%  val 91.57%  (6.4s)
  Epoch  42/100  loss 0.0016  train 99.97%  val 92.13%  (6.3s)
  Epoch  43/100  loss 0.0026  train 99.90%  val 91.95%  (6.6s)
  Epoch  44/100  loss 0.0061  train 99.87%  val 91.76%  (6.4s)
  Epoch  45/100  loss 0.0102  train 99.87%  val 91.76%  (6.4s)
  Epoch  46/100  loss 0.0063  train 99.87%  val 91.57%  (6.5s)
  Epoch  47/100  loss 0.0141  train 99.70%  val 91.39%  (6.4s)
  Epoch  48/100  loss 0.0381  train 99.37%  val 91.01%  (6.4s)
  Epoch  49/100  loss 0.0189  train 99.70%  val 91.57%  (6.6s)
  Epoch  50/100  loss 0.0050  train 99.87%  val 91.20%  (6.4s)
  Epoch  51/100  loss 0.0044  train 99.90%  val 91.57%  (6.5s)
  Epoch  52/100  loss 0.0030  train 99.93%  val 91.95%  (6.4s)
  Epoch  53/100  loss 0.0032  train 99.93%  val 91.39%  (6.4s)
  Epoch  54/100  loss 0.0021  train 99.97%  val 91.76%  (6.7s)
  Epoch  55/100  loss 0.0076  train 99.93%  val 91.57%  (6.3s)
  Epoch  56/100  loss 0.0021  train 99.97%  val 91.95%  (6.6s)
  Epoch  57/100  loss 0.0008  train 100.00%  val 91.76%  (6.4s)
  Epoch  58/100  loss 0.0009  train 100.00%  val 91.95%  (6.5s)
  Epoch  59/100  loss 0.0006  train 100.00%  val 91.76%  (6.3s)
  Epoch  60/100  loss 0.0008  train 100.00%  val 91.95%  (6.2s)
  Epoch  61/100  loss 0.0008  train 99.97%  val 92.32%  (6.3s)
  Epoch  62/100  loss 0.0005  train 100.00%  val 92.13%  (6.5s)
  Epoch  63/100  loss 0.0017  train 99.93%  val 92.32%  (6.5s)
  Epoch  64/100  loss 0.0009  train 100.00%  val 92.13%  (6.7s)
  Epoch  65/100  loss 0.0003  train 100.00%  val 92.13%  (6.3s)
  Epoch  66/100  loss 0.0004  train 100.00%  val 92.13%  (6.6s)
  Epoch  67/100  loss 0.0004  train 100.00%  val 92.13%  (6.3s)
  Epoch  68/100  loss 0.0006  train 99.97%  val 92.32%  (6.4s)
  Epoch  69/100  loss 0.0003  train 100.00%  val 92.13%  (6.1s)
  Epoch  70/100  loss 0.0003  train 100.00%  val 92.32%  (6.5s)
  Epoch  71/100  loss 0.0002  train 100.00%  val 92.32%  (6.4s)
  Epoch  72/100  loss 0.0003  train 100.00%  val 92.32%  (6.4s)
  Epoch  73/100  loss 0.0002  train 100.00%  val 92.13%  (6.4s)
  Epoch  74/100  loss 0.0002  train 100.00%  val 92.13%  (6.4s)
  Epoch  75/100  loss 0.0003  train 100.00%  val 92.13%  (6.4s)
  Epoch  76/100  loss 0.0002  train 100.00%  val 92.32%  (6.5s)
  Epoch  77/100  loss 0.0003  train 100.00%  val 92.13%  (6.6s)
  Epoch  78/100  loss 0.0002  train 100.00%  val 92.13%  (6.3s)
  Epoch  79/100  loss 0.0002  train 100.00%  val 92.13%  (6.4s)
  Epoch  80/100  loss 0.0003  train 100.00%  val 92.13%  (6.5s)
  Epoch  81/100  loss 0.0002  train 100.00%  val 92.13%  (6.4s)
  Epoch  82/100  loss 0.0002  train 100.00%  val 92.13%  (6.5s)
  Epoch  83/100  loss 0.0002  train 100.00%  val 92.13%  (6.4s)
  Epoch  84/100  loss 0.0003  train 100.00%  val 92.32%  (6.4s)
  Epoch  85/100  loss 0.0002  train 100.00%  val 92.13%  (6.5s)
  Epoch  86/100  loss 0.0003  train 100.00%  val 92.32%  (6.4s)
  Epoch  87/100  loss 0.0002  train 100.00%  val 92.32%  (6.4s)
  Epoch  88/100  loss 0.0001  train 100.00%  val 92.32%  (6.5s)
  Epoch  89/100  loss 0.0005  train 100.00%  val 92.13%  (6.4s)
  Epoch  90/100  loss 0.0005  train 100.00%  val 92.13%  (6.4s)
  Epoch  91/100  loss 0.0003  train 100.00%  val 92.13%  (6.5s)
  Epoch  92/100  loss 0.0003  train 100.00%  val 92.32%  (6.3s)
  Epoch  93/100  loss 0.0002  train 100.00%  val 92.13%  (6.4s)
  Epoch  94/100  loss 0.0002  train 100.00%  val 91.95%  (6.6s)
  Epoch  95/100  loss 0.0003  train 100.00%  val 92.32%  (6.4s)
  Epoch  96/100  loss 0.0001  train 100.00%  val 92.13%  (6.4s)
  Epoch  97/100  loss 0.0001  train 100.00%  val 92.32%  (6.4s)
  Epoch  98/100  loss 0.0002  train 100.00%  val 92.32%  (6.4s)
  Epoch  99/100  loss 0.0001  train 100.00%  val 92.13%  (6.6s)
  Epoch 100/100  loss 0.0004  train 99.97%  val 92.32%  (6.4s)

Stage 2 complete.
Best val accuracy : 92.32%
Best weights      → /orfeo/cephfs/home/ipauser/a.suklan/Sts_Automatization/output/stage2_checkpoints/best.pt
Class mapping     → /orfeo/cephfs/home/ipauser/a.suklan/Sts_Automatization/output/stage2_checkpoints/classes.txt
